
[21. 학과별 GPA 구간 인원·소계·총계]
+-------+----------+---------------+
| major | gpa_tier | student_count |
+-------+----------+---------------+
| BIO   | 3.0 미만   | 66            |
| BIO   | 3.0~3.5  | 33            |
| BIO   | 3.5 초과   | 97            |
| BIO   | 소계       | 196           |
| CE    | 3.0 미만   | 66            |
| CE    | 3.0~3.5  | 33            |
| CE    | 3.5 초과   | 97            |
| CE    | 소계       | 196           |
| CS    | 3.0 미만   | 65            |
| CS    | 3.0~3.5  | 66            |
| CS    | 3.5 초과   | 65            |
| CS    | 소계       | 196           |
| EE    | 3.0 미만   | 66            |
| EE    | 3.0~3.5  | 33            |
| EE    | 3.5 초과   | 97            |
| EE    | 소계       | 196           |
| HR    | 3.0 미만   | 10            |
| HR    | 3.0~3.5  | 1             |
| HR    | 3.5 초과   | 9             |
| HR    | 소계       | 20            |
| ME    | 3.0 미만   | 66            |
| ME    | 3.0~3.5  | 33            |
| ME    | 3.5 초과   | 97            |
| ME    | 소계       | 196           |
| 전체    | 소계       | 1000          |
+-------+----------+---------------+

로그 저장: /Users/chltmddn5843/Downloads/skala/5주차/Day2/실습/logs/종합실습2_21_20260812_16H29M56S.log
