
[22-1. 직원 계층 경로와 깊이]
+--------+-------+------------+-------+-------------+
| emp_id | name  | manager_id | depth | path        |
+--------+-------+------------+-------+-------------+
| 1      | CEO   | NULL       | 0     | CEO         |
| 2      | Mgr_2 | 1          | 1     | CEO > Mgr_2 |
| 3      | Mgr_3 | 1          | 1     | CEO > Mgr_3 |
| 4      | Mgr_4 | 1          | 1     | CEO > Mgr_4 |
| 5      | Mgr_5 | 1          | 1     | CEO > Mgr_5 |
+--------+-------+------------+-------+-------------+

[22-2. 매니저별 직속 부하 직원 수]
+--------+--------------+----------------+
| emp_id | manager_name | direct_reports |
+--------+--------------+----------------+
| 2      | Mgr_2        | 30             |
| 3      | Mgr_3        | 30             |
| 4      | Mgr_4        | 30             |
| 5      | Mgr_5        | 30             |
| 6      | Mgr_6        | 30             |
+--------+--------------+----------------+

로그 저장: /Users/chltmddn5843/Downloads/skala/5주차/Day2/실습/logs/종합실습2_22_20260812_16H26M49S.log
