
[1. INNER JOIN]
+------------+-----------+----------+-------+
| student_id | name      | course   | grade |
+------------+-----------+----------+-------+
| 1          | Student_1 | Course_3 | C     |
| 2          | Student_2 | Course_4 | D     |
| 2          | Student_2 | Course_5 | A     |
| 4          | Student_4 | Course_6 | B     |
| 5          | Student_5 | Course_7 | C     |
+------------+-----------+----------+-------+

[2. LEFT JOIN]
+------------+-----------+----------+-------+
| student_id | name      | course   | grade |
+------------+-----------+----------+-------+
| 1          | Student_1 | Course_3 | C     |
| 2          | Student_2 | Course_4 | D     |
| 2          | Student_2 | Course_5 | A     |
| 3          | Student_3 | NULL     | NULL  |
| 4          | Student_4 | Course_6 | B     |
+------------+-----------+----------+-------+

[3. RIGHT JOIN]
+------------+-----------+---------------------+----------+-------+
| student_id | name      | enrolled_student_id | course   | grade |
+------------+-----------+---------------------+----------+-------+
| NULL       | NULL      | 1001                | AI       | A     |
| NULL       | NULL      | 1010                | ML       | B     |
| 1          | Student_1 | 1                   | Course_3 | C     |
| 2          | Student_2 | 2                   | Course_4 | D     |
| 2          | Student_2 | 2                   | Course_5 | A     |
+------------+-----------+---------------------+----------+-------+

[4. FULL OUTER JOIN]
+------------+-----------+---------------------+----------+-------+
| student_id | name      | enrolled_student_id | course   | grade |
+------------+-----------+---------------------+----------+-------+
| 1          | Student_1 | 1                   | Course_3 | C     |
| 2          | Student_2 | 2                   | Course_4 | D     |
| 2          | Student_2 | 2                   | Course_5 | A     |
| 3          | Student_3 | NULL                | NULL     | NULL  |
| 4          | Student_4 | 4                   | Course_6 | B     |
+------------+-----------+---------------------+----------+-------+

[5. 미수강 학생]
+------------+------------+-------+------+
| student_id | name       | major | gpa  |
+------------+------------+-------+------+
| 3          | Student_3  | CE    | 2.30 |
| 6          | Student_6  | EE    | 2.60 |
| 9          | Student_9  | BIO   | 2.90 |
| 12         | Student_12 | ME    | 3.20 |
| 15         | Student_15 | CS    | 3.50 |
+------------+------------+-------+------+

[6. 수강 학생]
+------------+-----------+-------+------+
| student_id | name      | major | gpa  |
+------------+-----------+-------+------+
| 1          | Student_1 | EE    | 2.10 |
| 2          | Student_2 | ME    | 2.20 |
| 4          | Student_4 | BIO   | 2.40 |
| 5          | Student_5 | CS    | 2.50 |
| 7          | Student_7 | ME    | 2.70 |
+------------+-----------+-------+------+

[7. 고객별 주문 집계]
+-------------+---------------+-------------+--------------+
| customer_id | customer_name | order_count | total_amount |
+-------------+---------------+-------------+--------------+
| 1           | Customer_1    | 6           | 16530.00     |
| 2           | Customer_2    | 6           | 12608.06     |
| 3           | Customer_3    | 6           | 12686.12     |
| 4           | Customer_4    | 6           | 12764.18     |
| 5           | Customer_5    | 6           | 12842.24     |
+-------------+---------------+-------------+--------------+

[8. 주문 총액 상위 10명]
+-------------+---------------+--------------+
| customer_id | customer_name | total_amount |
+-------------+---------------+--------------+
| 154         | Customer_154  | 19467.18     |
| 153         | Customer_153  | 19389.12     |
| 152         | Customer_152  | 19311.06     |
| 151         | Customer_151  | 19233.00     |
| 150         | Customer_150  | 19154.94     |
| 149         | Customer_149  | 19076.88     |
| 148         | Customer_148  | 18998.82     |
| 147         | Customer_147  | 18920.76     |
| 146         | Customer_146  | 18842.70     |
| 145         | Customer_145  | 18764.64     |
+-------------+---------------+--------------+

[9. 직원과 매니저]
+--------+---------------+--------------+
| emp_id | employee_name | manager_name |
+--------+---------------+--------------+
| 1      | CEO           | NULL         |
| 2      | Mgr_2         | CEO          |
| 3      | Mgr_3         | CEO          |
| 4      | Mgr_4         | CEO          |
| 5      | Mgr_5         | CEO          |
+--------+---------------+--------------+

[10. 과목 분포]
+-----------+---------------+
| course    | student_count |
+-----------+---------------+
| 미수강       | 333           |
| Course_1  | 48            |
| Course_10 | 48            |
| Course_11 | 48            |
| Course_12 | 48            |
+-----------+---------------+

[11. DB 미수강 학생]
+------------+-----------+-------+------+
| student_id | name      | major | gpa  |
+------------+-----------+-------+------+
| 1          | Student_1 | EE    | 2.10 |
| 2          | Student_2 | ME    | 2.20 |
| 3          | Student_3 | CE    | 2.30 |
| 4          | Student_4 | BIO   | 2.40 |
| 5          | Student_5 | CS    | 2.50 |
+------------+-----------+-------+------+

[12. 과목별 책임 매니저]
+-----------+---------------+--------------+
| course    | student_count | manager_name |
+-----------+---------------+--------------+
| AI        | 1             | Mgr_2        |
| Course_1  | 48            | Mgr_3        |
| Course_10 | 48            | Mgr_4        |
| Course_11 | 48            | Mgr_5        |
| Course_12 | 48            | Mgr_6        |
+-----------+---------------+--------------+

[13. 학생별 과목 추천 후보]
+------------+-----------+-----------+
| student_id | name      | course    |
+------------+-----------+-----------+
| 1          | Student_1 | AI        |
| 1          | Student_1 | Course_1  |
| 1          | Student_1 | Course_10 |
| 1          | Student_1 | Course_11 |
| 1          | Student_1 | Course_12 |
| 1          | Student_1 | Course_13 |
| 1          | Student_1 | Course_14 |
| 1          | Student_1 | Course_15 |
| 1          | Student_1 | Course_16 |
| 1          | Student_1 | Course_17 |
| 1          | Student_1 | Course_18 |
| 1          | Student_1 | Course_19 |
| 1          | Student_1 | Course_2  |
| 1          | Student_1 | Course_20 |
| 1          | Student_1 | Course_3  |
| 1          | Student_1 | Course_4  |
| 1          | Student_1 | Course_5  |
| 1          | Student_1 | Course_6  |
| 1          | Student_1 | Course_7  |
| 1          | Student_1 | Course_8  |
| 1          | Student_1 | Course_9  |
| 1          | Student_1 | DB        |
| 1          | Student_1 | ML        |
| 2          | Student_2 | AI        |
| 2          | Student_2 | Course_1  |
| 2          | Student_2 | Course_10 |
| 2          | Student_2 | Course_11 |
| 2          | Student_2 | Course_12 |
| 2          | Student_2 | Course_13 |
| 2          | Student_2 | Course_14 |
| 2          | Student_2 | Course_15 |
| 2          | Student_2 | Course_16 |
| 2          | Student_2 | Course_17 |
| 2          | Student_2 | Course_18 |
| 2          | Student_2 | Course_19 |
| 2          | Student_2 | Course_2  |
| 2          | Student_2 | Course_20 |
| 2          | Student_2 | Course_3  |
| 2          | Student_2 | Course_4  |
| 2          | Student_2 | Course_5  |
| 2          | Student_2 | Course_6  |
| 2          | Student_2 | Course_7  |
| 2          | Student_2 | Course_8  |
| 2          | Student_2 | Course_9  |
| 2          | Student_2 | DB        |
| 2          | Student_2 | ML        |
| 3          | Student_3 | AI        |
| 3          | Student_3 | Course_1  |
| 3          | Student_3 | Course_10 |
| 3          | Student_3 | Course_11 |
| 3          | Student_3 | Course_12 |
| 3          | Student_3 | Course_13 |
| 3          | Student_3 | Course_14 |
| 3          | Student_3 | Course_15 |
| 3          | Student_3 | Course_16 |
| 3          | Student_3 | Course_17 |
| 3          | Student_3 | Course_18 |
| 3          | Student_3 | Course_19 |
| 3          | Student_3 | Course_2  |
| 3          | Student_3 | Course_20 |
| 3          | Student_3 | Course_3  |
| 3          | Student_3 | Course_4  |
| 3          | Student_3 | Course_5  |
| 3          | Student_3 | Course_6  |
| 3          | Student_3 | Course_7  |
| 3          | Student_3 | Course_8  |
| 3          | Student_3 | Course_9  |
| 3          | Student_3 | DB        |
| 3          | Student_3 | ML        |
| 4          | Student_4 | AI        |
| 4          | Student_4 | Course_1  |
| 4          | Student_4 | Course_10 |
| 4          | Student_4 | Course_11 |
| 4          | Student_4 | Course_12 |
| 4          | Student_4 | Course_13 |
| 4          | Student_4 | Course_14 |
| 4          | Student_4 | Course_15 |
| 4          | Student_4 | Course_16 |
| 4          | Student_4 | Course_17 |
| 4          | Student_4 | Course_18 |
| 4          | Student_4 | Course_19 |
| 4          | Student_4 | Course_2  |
| 4          | Student_4 | Course_20 |
| 4          | Student_4 | Course_3  |
| 4          | Student_4 | Course_4  |
| 4          | Student_4 | Course_5  |
| 4          | Student_4 | Course_6  |
| 4          | Student_4 | Course_7  |
| 4          | Student_4 | Course_8  |
| 4          | Student_4 | Course_9  |
| 4          | Student_4 | DB        |
| 4          | Student_4 | ML        |
| 5          | Student_5 | AI        |
| 5          | Student_5 | Course_1  |
| 5          | Student_5 | Course_10 |
| 5          | Student_5 | Course_11 |
| 5          | Student_5 | Course_12 |
| 5          | Student_5 | Course_13 |
| 5          | Student_5 | Course_14 |
| 5          | Student_5 | Course_15 |
+------------+-----------+-----------+

[14. 학생 + 학과명]
+------------+-----------+-----------------+------+
| student_id | name      | department_name | gpa  |
+------------+-----------+-----------------+------+
| 1          | Student_1 | EE              | 2.10 |
| 2          | Student_2 | ME              | 2.20 |
| 3          | Student_3 | CE              | 2.30 |
| 4          | Student_4 | BIO             | 2.40 |
| 5          | Student_5 | CS              | 2.50 |
+------------+-----------+-----------------+------+

[15. 평균 GPA 보다 높은 학생]
+------------+------------+-------+------+
| student_id | name       | major | gpa  |
+------------+------------+-------+------+
| 15         | Student_15 | CS    | 3.50 |
| 16         | Student_16 | EE    | 3.60 |
| 17         | Student_17 | ME    | 3.70 |
| 18         | Student_18 | CE    | 3.80 |
| 19         | Student_19 | BIO   | 3.90 |
+------------+------------+-------+------+

[16. 자신의 학과 평균 GPA보다 높은 학생]
+------------+------------+-------+------+
| student_id | name       | major | gpa  |
+------------+------------+-------+------+
| 15         | Student_15 | CS    | 3.50 |
| 16         | Student_16 | EE    | 3.60 |
| 17         | Student_17 | ME    | 3.70 |
| 18         | Student_18 | CE    | 3.80 |
| 19         | Student_19 | BIO   | 3.90 |
+------------+------------+-------+------+

[17. 수강 기록이 있는 학생]
+------------+-----------+-------+------+
| student_id | name      | major | gpa  |
+------------+-----------+-------+------+
| 1          | Student_1 | EE    | 2.10 |
| 2          | Student_2 | ME    | 2.20 |
| 4          | Student_4 | BIO   | 2.40 |
| 5          | Student_5 | CS    | 2.50 |
| 7          | Student_7 | ME    | 2.70 |
+------------+-----------+-------+------+

[18. 한 번도 수강하지 않은 학생]
+------------+------------+-------+------+
| student_id | name       | major | gpa  |
+------------+------------+-------+------+
| 3          | Student_3  | CE    | 2.30 |
| 6          | Student_6  | EE    | 2.60 |
| 9          | Student_9  | BIO   | 2.90 |
| 12         | Student_12 | ME    | 3.20 |
| 15         | Student_15 | CS    | 3.50 |
+------------+------------+-------+------+

[19. HR 학과 학생 일부]
+------------+-------------+-------+------+
| student_id | name        | major | gpa  |
+------------+-------------+-------+------+
| 981        | Student_981 | HR    | 4.10 |
| 982        | Student_982 | HR    | 4.20 |
| 983        | Student_983 | HR    | 4.30 |
| 984        | Student_984 | HR    | 4.40 |
| 985        | Student_985 | HR    | 4.50 |
+------------+-------------+-------+------+

[20. CS 학과 학생 또는 DB 과목 수강 학생]
+------------+------------+-------+------+
| student_id | name       | major | gpa  |
+------------+------------+-------+------+
| 5          | Student_5  | CS    | 2.50 |
| 10         | Student_10 | CS    | 3.00 |
| 15         | Student_15 | CS    | 3.50 |
| 20         | Student_20 | CS    | 4.00 |
| 25         | Student_25 | CS    | 4.50 |
+------------+------------+-------+------+

[21. 학과별 GPA 구간 인원·소계·총계]
+-------+----------+---------------+
| major | gpa_tier | student_count |
+-------+----------+---------------+
| BIO   | 3.0 미만   | 66            |
| BIO   | 3.0~3.5  | 33            |
| BIO   | 3.5 초과   | 97            |
| BIO   | 소계       | 196           |
| CE    | 3.0 미만   | 66            |
| CE    | 3.0~3.5  | 33            |
| CE    | 3.5 초과   | 97            |
| CE    | 소계       | 196           |
| CS    | 3.0 미만   | 65            |
| CS    | 3.0~3.5  | 66            |
| CS    | 3.5 초과   | 65            |
| CS    | 소계       | 196           |
| EE    | 3.0 미만   | 66            |
| EE    | 3.0~3.5  | 33            |
| EE    | 3.5 초과   | 97            |
| EE    | 소계       | 196           |
| HR    | 3.0 미만   | 10            |
| HR    | 3.0~3.5  | 1             |
| HR    | 3.5 초과   | 9             |
| HR    | 소계       | 20            |
| ME    | 3.0 미만   | 66            |
| ME    | 3.0~3.5  | 33            |
| ME    | 3.5 초과   | 97            |
| ME    | 소계       | 196           |
| 전체    | 소계       | 1000          |
+-------+----------+---------------+

[22-1. 직원 계층 경로와 깊이]
+--------+-------+------------+-------+-------------+
| emp_id | name  | manager_id | depth | path        |
+--------+-------+------------+-------+-------------+
| 1      | CEO   | NULL       | 0     | CEO         |
| 2      | Mgr_2 | 1          | 1     | CEO > Mgr_2 |
| 3      | Mgr_3 | 1          | 1     | CEO > Mgr_3 |
| 4      | Mgr_4 | 1          | 1     | CEO > Mgr_4 |
| 5      | Mgr_5 | 1          | 1     | CEO > Mgr_5 |
+--------+-------+------------+-------+-------------+

[22-2. 매니저별 직속 부하 직원 수]
+--------+--------------+----------------+
| emp_id | manager_name | direct_reports |
+--------+--------------+----------------+
| 2      | Mgr_2        | 30             |
| 3      | Mgr_3        | 30             |
| 4      | Mgr_4        | 30             |
| 5      | Mgr_5        | 30             |
| 6      | Mgr_6        | 30             |
+--------+--------------+----------------+

[23-1. 학과별 GPA 상위 3명 - 서브쿼리]
+------------+-------------+-------+------+---------+----------+----------------+----------------+
| student_id | name        | major | gpa  | row_num | rank_num | dense_rank_num | total_in_major |
+------------+-------------+-------+------+---------+----------+----------------+----------------+
| 29         | Student_29  | BIO   | 4.90 | 1       | 1        | 1              | 196            |
| 59         | Student_59  | BIO   | 4.90 | 2       | 1        | 1              | 196            |
| 89         | Student_89  | BIO   | 4.90 | 3       | 1        | 1              | 196            |
| 28         | Student_28  | CE    | 4.80 | 1       | 1        | 1              | 196            |
| 58         | Student_58  | CE    | 4.80 | 2       | 1        | 1              | 196            |
| 88         | Student_88  | CE    | 4.80 | 3       | 1        | 1              | 196            |
| 25         | Student_25  | CS    | 4.50 | 1       | 1        | 1              | 196            |
| 55         | Student_55  | CS    | 4.50 | 2       | 1        | 1              | 196            |
| 85         | Student_85  | CS    | 4.50 | 3       | 1        | 1              | 196            |
| 26         | Student_26  | EE    | 4.60 | 1       | 1        | 1              | 196            |
| 56         | Student_56  | EE    | 4.60 | 2       | 1        | 1              | 196            |
| 86         | Student_86  | EE    | 4.60 | 3       | 1        | 1              | 196            |
| 989        | Student_989 | HR    | 4.90 | 1       | 1        | 1              | 20             |
| 988        | Student_988 | HR    | 4.80 | 2       | 2        | 2              | 20             |
| 987        | Student_987 | HR    | 4.70 | 3       | 3        | 3              | 20             |
| 27         | Student_27  | ME    | 4.70 | 1       | 1        | 1              | 196            |
| 57         | Student_57  | ME    | 4.70 | 2       | 1        | 1              | 196            |
| 87         | Student_87  | ME    | 4.70 | 3       | 1        | 1              | 196            |
+------------+-------------+-------+------+---------+----------+----------------+----------------+

[23-2. 학과별 GPA 상위 3명 - CTE]
+------------+-------------+-------+------+---------+----------+----------------+----------------+
| student_id | name        | major | gpa  | row_num | rank_num | dense_rank_num | total_in_major |
+------------+-------------+-------+------+---------+----------+----------------+----------------+
| 29         | Student_29  | BIO   | 4.90 | 1       | 1        | 1              | 196            |
| 59         | Student_59  | BIO   | 4.90 | 2       | 1        | 1              | 196            |
| 89         | Student_89  | BIO   | 4.90 | 3       | 1        | 1              | 196            |
| 28         | Student_28  | CE    | 4.80 | 1       | 1        | 1              | 196            |
| 58         | Student_58  | CE    | 4.80 | 2       | 1        | 1              | 196            |
| 88         | Student_88  | CE    | 4.80 | 3       | 1        | 1              | 196            |
| 25         | Student_25  | CS    | 4.50 | 1       | 1        | 1              | 196            |
| 55         | Student_55  | CS    | 4.50 | 2       | 1        | 1              | 196            |
| 85         | Student_85  | CS    | 4.50 | 3       | 1        | 1              | 196            |
| 26         | Student_26  | EE    | 4.60 | 1       | 1        | 1              | 196            |
| 56         | Student_56  | EE    | 4.60 | 2       | 1        | 1              | 196            |
| 86         | Student_86  | EE    | 4.60 | 3       | 1        | 1              | 196            |
| 989        | Student_989 | HR    | 4.90 | 1       | 1        | 1              | 20             |
| 988        | Student_988 | HR    | 4.80 | 2       | 2        | 2              | 20             |
| 987        | Student_987 | HR    | 4.70 | 3       | 3        | 3              | 20             |
| 27         | Student_27  | ME    | 4.70 | 1       | 1        | 1              | 196            |
| 57         | Student_57  | ME    | 4.70 | 2       | 1        | 1              | 196            |
| 87         | Student_87  | ME    | 4.70 | 3       | 1        | 1              | 196            |
+------------+-------------+-------+------+---------+----------+----------------+----------------+

[24. 학생별 이전 과목 대비 성적 변화]
+------------+----------+-------+-------+----------------+------+--------+-------------+
| student_id | course   | grade | score | previous_score | diff | change | score_range |
+------------+----------+-------+-------+----------------+------+--------+-------------+
| 1          | Course_3 | C     | 2     | NULL           | NULL | 첫 과목   | 0           |
| 2          | Course_4 | D     | 1     | NULL           | NULL | 첫 과목   | 3           |
| 2          | Course_5 | A     | 4     | 1              | 3    | 상승     | 3           |
| 4          | Course_6 | B     | 3     | NULL           | NULL | 첫 과목   | 0           |
| 5          | Course_7 | C     | 2     | NULL           | NULL | 첫 과목   | 1           |
+------------+----------+-------+-------+----------------+------+--------+-------------+

[25-1. 주문 누적합과 이동평균]
+----------+-------------+--------+-------------------+--------------+----------------------------+
| order_id | customer_id | amount | cumulative_amount | moving_avg_3 | customer_cumulative_amount |
+----------+-------------+--------+-------------------+--------------+----------------------------+
| 1        | 2           | 18.01  | 18.01             | 18.01        | 18.01                      |
| 2        | 3           | 31.02  | 49.03             | 24.52        | 31.02                      |
| 3        | 4           | 44.03  | 93.06             | 31.02        | 44.03                      |
| 4        | 5           | 57.04  | 150.10            | 44.03        | 57.04                      |
| 5        | 6           | 70.05  | 220.15            | 57.04        | 70.05                      |
+----------+-------------+--------+-------------------+--------------+----------------------------+

[25-2. 전체 주문액 50%를 처음 초과한 주문]
+----------+---------+-------------------+--------------+----------------+
| order_id | amount  | cumulative_amount | total_amount | cumulative_pct |
+----------+---------+-------------------+--------------+----------------+
| 1503     | 4544.03 | 3686585.56        | 7365985.00   | 50.05          |
+----------+---------+-------------------+--------------+----------------+

로그 저장: /Users/chltmddn5843/Downloads/skala/5주차/Day2/실습/logs/종합실습2_all_20260812_16H27M17S.log
