
[23-1. 학과별 GPA 상위 3명 - 서브쿼리]
+------------+-------------+-------+------+---------+----------+----------------+----------------+
| student_id | name        | major | gpa  | row_num | rank_num | dense_rank_num | total_in_major |
+------------+-------------+-------+------+---------+----------+----------------+----------------+
| 29         | Student_29  | BIO   | 4.90 | 1       | 1        | 1              | 196            |
| 59         | Student_59  | BIO   | 4.90 | 2       | 1        | 1              | 196            |
| 89         | Student_89  | BIO   | 4.90 | 3       | 1        | 1              | 196            |
| 28         | Student_28  | CE    | 4.80 | 1       | 1        | 1              | 196            |
| 58         | Student_58  | CE    | 4.80 | 2       | 1        | 1              | 196            |
| 88         | Student_88  | CE    | 4.80 | 3       | 1        | 1              | 196            |
| 25         | Student_25  | CS    | 4.50 | 1       | 1        | 1              | 196            |
| 55         | Student_55  | CS    | 4.50 | 2       | 1        | 1              | 196            |
| 85         | Student_85  | CS    | 4.50 | 3       | 1        | 1              | 196            |
| 26         | Student_26  | EE    | 4.60 | 1       | 1        | 1              | 196            |
| 56         | Student_56  | EE    | 4.60 | 2       | 1        | 1              | 196            |
| 86         | Student_86  | EE    | 4.60 | 3       | 1        | 1              | 196            |
| 989        | Student_989 | HR    | 4.90 | 1       | 1        | 1              | 20             |
| 988        | Student_988 | HR    | 4.80 | 2       | 2        | 2              | 20             |
| 987        | Student_987 | HR    | 4.70 | 3       | 3        | 3              | 20             |
| 27         | Student_27  | ME    | 4.70 | 1       | 1        | 1              | 196            |
| 57         | Student_57  | ME    | 4.70 | 2       | 1        | 1              | 196            |
| 87         | Student_87  | ME    | 4.70 | 3       | 1        | 1              | 196            |
+------------+-------------+-------+------+---------+----------+----------------+----------------+

[23-2. 학과별 GPA 상위 3명 - CTE]
+------------+-------------+-------+------+---------+----------+----------------+----------------+
| student_id | name        | major | gpa  | row_num | rank_num | dense_rank_num | total_in_major |
+------------+-------------+-------+------+---------+----------+----------------+----------------+
| 29         | Student_29  | BIO   | 4.90 | 1       | 1        | 1              | 196            |
| 59         | Student_59  | BIO   | 4.90 | 2       | 1        | 1              | 196            |
| 89         | Student_89  | BIO   | 4.90 | 3       | 1        | 1              | 196            |
| 28         | Student_28  | CE    | 4.80 | 1       | 1        | 1              | 196            |
| 58         | Student_58  | CE    | 4.80 | 2       | 1        | 1              | 196            |
| 88         | Student_88  | CE    | 4.80 | 3       | 1        | 1              | 196            |
| 25         | Student_25  | CS    | 4.50 | 1       | 1        | 1              | 196            |
| 55         | Student_55  | CS    | 4.50 | 2       | 1        | 1              | 196            |
| 85         | Student_85  | CS    | 4.50 | 3       | 1        | 1              | 196            |
| 26         | Student_26  | EE    | 4.60 | 1       | 1        | 1              | 196            |
| 56         | Student_56  | EE    | 4.60 | 2       | 1        | 1              | 196            |
| 86         | Student_86  | EE    | 4.60 | 3       | 1        | 1              | 196            |
| 989        | Student_989 | HR    | 4.90 | 1       | 1        | 1              | 20             |
| 988        | Student_988 | HR    | 4.80 | 2       | 2        | 2              | 20             |
| 987        | Student_987 | HR    | 4.70 | 3       | 3        | 3              | 20             |
| 27         | Student_27  | ME    | 4.70 | 1       | 1        | 1              | 196            |
| 57         | Student_57  | ME    | 4.70 | 2       | 1        | 1              | 196            |
| 87         | Student_87  | ME    | 4.70 | 3       | 1        | 1              | 196            |
+------------+-------------+-------+------+---------+----------+----------------+----------------+

로그 저장: /Users/chltmddn5843/Downloads/skala/5주차/Day2/실습/logs/종합실습2_23_20260812_16H29M57S.log
