hash_join

SQL
SELECT o.customer_id, count(*) AS item_count, sum(oi.line_total) AS revenue
    FROM ecom.orders o JOIN ecom.order_items oi USING (order_id)
    WHERE o.order_status IN ('paid','shipped','delivered')
    GROUP BY o.customer_id

PLAN
HashAggregate  (cost=1082.71..1119.91 rows=2976 width=48) (actual time=12.372..12.609 rows=2250 loops=1)
  Group Key: o.customer_id
  Batches: 1  Memory Usage: 1137kB
  Buffers: shared hit=360
  ->  Hash Join  (cost=333.15..928.47 rows=20565 width=14) (actual time=2.864..8.866 rows=20557 loops=1)
        Hash Cond: (oi.order_id = o.order_id)
        Buffers: shared hit=360
        ->  Seq Scan on order_items oi  (cost=0.00..525.16 rows=26716 width=14) (actual time=0.005..1.834 rows=26716 loops=1)
              Buffers: shared hit=258
        ->  Hash  (cost=237.99..237.99 rows=7613 width=16) (actual time=2.843..2.843 rows=7613 loops=1)
              Buckets: 8192  Batches: 1  Memory Usage: 421kB
              Buffers: shared hit=102
              ->  Seq Scan on orders o  (cost=0.00..237.99 rows=7613 width=16) (actual time=0.006..1.964 rows=7613 loops=1)
                    Filter: (order_status = ANY ('{paid,shipped,delivered}'::text[]))
                    Rows Removed by Filter: 2277
                    Buffers: shared hit=102
Planning:
  Buffers: shared hit=252
Planning Time: 1.058 ms
Execution Time: 12.750 ms