merge_join

SQL
SELECT o.customer_id, count(*) AS item_count, sum(oi.line_total) AS revenue
    FROM ecom.orders o JOIN ecom.order_items oi USING (order_id)
    WHERE o.order_status IN ('paid','shipped','delivered')
    GROUP BY o.customer_id

PLAN
HashAggregate  (cost=1734.46..1771.66 rows=2976 width=48) (actual time=12.410..12.713 rows=2250 loops=1)
  Group Key: o.customer_id
  Batches: 1  Memory Usage: 1137kB
  Buffers: shared hit=442
  ->  Merge Join  (cost=0.57..1580.22 rows=20565 width=14) (actual time=0.023..8.746 rows=20557 loops=1)
        Merge Cond: (o.order_id = oi.order_id)
        Buffers: shared hit=442
        ->  Index Scan using orders_pkey on orders o  (cost=0.29..406.72 rows=7613 width=16) (actual time=0.012..2.164 rows=7613 loops=1)
              Filter: (order_status = ANY ('{paid,shipped,delivered}'::text[]))
              Rows Removed by Filter: 2277
              Buffers: shared hit=130
        ->  Index Scan using idx_order_items_order on order_items oi  (cost=0.29..882.03 rows=26716 width=14) (actual time=0.006..3.156 rows=26716 loops=1)
              Buffers: shared hit=312
Planning:
  Buffers: shared hit=277
Planning Time: 0.989 ms
Execution Time: 12.869 ms