Q02 월별 주문 수·매출·AOV [after]

SQL
WITH order_totals AS (
            SELECT
                o.order_id,
                date_trunc('month', o.order_ts)::date AS month,
                sum(oi.line_total) AS amount
            FROM ecom.orders o
            JOIN ecom.order_items oi
              ON oi.order_id = o.order_id
            WHERE o.order_status IN ('paid', 'shipped', 'delivered')
            GROUP BY
                o.order_id,
                date_trunc('month', o.order_ts)::date
        )

        SELECT
            month,
            count(*) AS order_count,
            sum(amount) AS revenue,
            ecom.safe_div(sum(amount), count(*)) AS aov
        FROM order_totals
        GROUP BY month
        ORDER BY month

RESULT (21.99 ms)
month      | order_count | revenue    | aov                  
-----------+-------------+------------+----------------------
2026-04-01 | 823         | 728085.26  | 884.6722478736330498 
2026-05-01 | 1873        | 1666271.77 | 889.6272130272290443 
2026-06-01 | 1915        | 1687798.91 | 881.3571331592689295 
2026-07-01 | 2144        | 2034521.03 | 948.9370475746268657 
2026-08-01 | 858         | 871025.70  | 1015.1814685314685315
total rows: 5