Q03 최근 90일 카테고리 매출 Top 10 [before]

PERFORMANCE SQL
EXPLAIN (ANALYZE, BUFFERS)
SELECT
            c.category_id,
            c.category_name,
            sum(oi.line_total) AS revenue
        FROM ecom.order_items oi
        JOIN ecom.orders o
          ON o.order_id = oi.order_id
        JOIN ecom.products p
          ON p.product_id = oi.product_id
        JOIN ecom.categories c
          ON c.category_id = p.category_id
        WHERE o.order_status IN ('paid', 'shipped', 'delivered')
          AND o.order_ts >= now() - interval '90 days'
        GROUP BY
            c.category_id,
            c.category_name
        ORDER BY
            revenue DESC,
            c.category_id
        LIMIT 10

PERFORMANCE RESULT
Limit  (cost=1233.23..1233.25 rows=10 width=72) (actual time=11.279..11.283 rows=10 loops=1)
  Buffers: shared hit=374
  ->  Sort  (cost=1233.23..1235.90 rows=1070 width=72) (actual time=11.278..11.280 rows=10 loops=1)
        Sort Key: (sum(oi.line_total)) DESC, c.category_id
        Sort Method: quicksort  Memory: 25kB
        Buffers: shared hit=374
        ->  HashAggregate  (cost=1196.73..1210.11 rows=1070 width=72) (actual time=11.249..11.259 rows=10 loops=1)
              Group Key: c.category_id
              Batches: 1  Memory Usage: 73kB
              Buffers: shared hit=368
              ->  Hash Join  (cost=439.59..1118.02 rows=15743 width=46) (actual time=3.496..9.888 rows=15883 loops=1)
                    Hash Cond: (p.category_id = c.category_id)
                    Buffers: shared hit=368
                    ->  Hash Join  (cost=405.51..1042.45 rows=15743 width=14) (actual time=3.481..8.406 rows=15883 loops=1)
                          Hash Cond: (oi.product_id = p.product_id)
                          Buffers: shared hit=367
                          ->  Hash Join  (cost=385.01..980.34 rows=15743 width=14) (actual time=3.379..6.821 rows=15883 loops=1)
                                Hash Cond: (oi.order_id = o.order_id)
                                Buffers: shared hit=360
                                ->  Seq Scan on order_items oi  (cost=0.00..525.16 rows=26716 width=22) (actual time=0.002..1.117 rows=26716 loops=1)
                                      Buffers: shared hit=258
                                ->  Hash  (cost=312.16..312.16 rows=5828 width=8) (actual time=3.367..3.368 rows=5873 loops=1)
                                      Buckets: 8192  Batches: 1  Memory Usage: 294kB
                                      Buffers: shared hit=102
                                      ->  Seq Scan on orders o  (cost=0.00..312.16 rows=5828 width=8) (actual time=0.005..2.962 rows=5873 loops=1)
                                            Filter: ((order_status = ANY ('{paid,shipped,delivered}'::text[])) AND (order_ts >= (now() - '90 days'::interval)))
                                            Rows Removed by Filter: 4017
                                            Buffers: shared hit=102
                          ->  Hash  (cost=13.00..13.00 rows=600 width=16) (actual time=0.097..0.097 rows=600 loops=1)
                                Buckets: 1024  Batches: 1  Memory Usage: 37kB
                                Buffers: shared hit=7
                                ->  Seq Scan on products p  (cost=0.00..13.00 rows=600 width=16) (actual time=0.003..0.053 rows=600 loops=1)
                                      Buffers: shared hit=7
                    ->  Hash  (cost=20.70..20.70 rows=1070 width=40) (actual time=0.011..0.011 rows=14 loops=1)
                          Buckets: 2048  Batches: 1  Memory Usage: 17kB
                          Buffers: shared hit=1
                          ->  Seq Scan on categories c  (cost=0.00..20.70 rows=1070 width=40) (actual time=0.005..0.007 rows=14 loops=1)
                                Buffers: shared hit=1
Planning:
  Buffers: shared hit=354
Planning Time: 0.645 ms
Execution Time: 11.356 ms