Q04 상품별 누적매출 RANK Top 20 [after]

PERFORMANCE SQL
EXPLAIN (ANALYZE, BUFFERS)
WITH product_revenue AS (
            SELECT
                oi.product_id,
                sum(oi.line_total) AS revenue
            FROM ecom.order_items oi
            JOIN ecom.orders o
              ON o.order_id = oi.order_id
            WHERE o.order_status IN ('paid', 'shipped', 'delivered')
            GROUP BY oi.product_id
        ),
        ranked_products AS (
            SELECT
                product_id,
                revenue,
                rank() OVER (ORDER BY revenue DESC) AS revenue_rank
            FROM product_revenue
        )

        SELECT
            rp.product_id,
            p.product_name,
            rp.revenue,
            rp.revenue_rank
        FROM ranked_products rp
        JOIN ecom.products p
          ON p.product_id = rp.product_id
        WHERE rp.revenue_rank <= 20
        ORDER BY
            rp.revenue_rank,
            rp.product_id
        LIMIT 20

PERFORMANCE RESULT
Limit  (cost=1115.04..1115.09 rows=20 width=59) (actual time=10.185..10.193 rows=20 loops=1)
  Buffers: shared hit=373
  ->  Sort  (cost=1115.04..1116.54 rows=600 width=59) (actual time=10.184..10.187 rows=20 loops=1)
        Sort Key: (rank() OVER (?)), product_revenue.product_id
        Sort Method: quicksort  Memory: 26kB
        Buffers: shared hit=373
        ->  Hash Join  (cost=1087.00..1099.07 rows=600 width=59) (actual time=10.151..10.169 rows=20 loops=1)
              Hash Cond: (product_revenue.product_id = p.product_id)
              Buffers: shared hit=370
              ->  WindowAgg  (cost=1066.50..1076.98 rows=600 width=48) (actual time=10.014..10.026 rows=20 loops=1)
                    Run Condition: (rank() OVER (?) <= 20)
                    Buffers: shared hit=363
                    ->  Sort  (cost=1066.48..1067.98 rows=600 width=40) (actual time=10.006..10.008 rows=21 loops=1)
                          Sort Key: product_revenue.revenue DESC
                          Sort Method: quicksort  Memory: 44kB
                          Buffers: shared hit=363
                          ->  Subquery Scan on product_revenue  (cost=1031.30..1038.80 rows=600 width=40) (actual time=9.716..9.851 rows=600 loops=1)
                                Buffers: shared hit=360
                                ->  HashAggregate  (cost=1031.30..1038.80 rows=600 width=40) (actual time=9.715..9.805 rows=600 loops=1)
                                      Group Key: oi.product_id
                                      Batches: 1  Memory Usage: 297kB
                                      Buffers: shared hit=360
                                      ->  Hash Join  (cost=333.15..928.47 rows=20565 width=14) (actual time=2.347..7.132 rows=20557 loops=1)
                                            Hash Cond: (oi.order_id = o.order_id)
                                            Buffers: shared hit=360
                                            ->  Seq Scan on order_items oi  (cost=0.00..525.16 rows=26716 width=22) (actual time=0.003..1.510 rows=26716 loops=1)
                                                  Buffers: shared hit=258
                                            ->  Hash  (cost=237.99..237.99 rows=7613 width=8) (actual time=2.329..2.330 rows=7613 loops=1)
                                                  Buckets: 8192  Batches: 1  Memory Usage: 362kB
                                                  Buffers: shared hit=102
                                                  ->  Seq Scan on orders o  (cost=0.00..237.99 rows=7613 width=8) (actual time=0.005..1.572 rows=7613 loops=1)
                                                        Filter: (order_status = ANY ('{paid,shipped,delivered}'::text[]))
                                                        Rows Removed by Filter: 2277
                                                        Buffers: shared hit=102
              ->  Hash  (cost=13.00..13.00 rows=600 width=19) (actual time=0.130..0.130 rows=600 loops=1)
                    Buckets: 1024  Batches: 1  Memory Usage: 41kB
                    Buffers: shared hit=7
                    ->  Seq Scan on products p  (cost=0.00..13.00 rows=600 width=19) (actual time=0.006..0.067 rows=600 loops=1)
                          Buffers: shared hit=7
Planning:
  Buffers: shared hit=354
Planning Time: 1.153 ms
Execution Time: 10.315 ms