Q05 고객 RFM [after]

SQL
WITH order_totals AS (
            SELECT
                o.customer_id,
                o.order_id,
                o.order_ts,
                sum(oi.line_total) AS amount
            FROM ecom.orders o
            JOIN ecom.order_items oi
              ON oi.order_id = o.order_id
            WHERE o.order_status IN ('paid', 'shipped', 'delivered')
            GROUP BY
                o.customer_id,
                o.order_id,
                o.order_ts
        )

        SELECT
            c.customer_id,
            c.full_name,
            current_date - max(ot.order_ts)::date AS recency_days,
            count(*) AS frequency,
            sum(ot.amount) AS monetary
        FROM order_totals ot
        JOIN ecom.customers c
          ON c.customer_id = ot.customer_id
        GROUP BY
            c.customer_id,
            c.full_name
        ORDER BY
            monetary DESC,
            c.customer_id

RESULT (31.03 ms)
customer_id | full_name   | recency_days | frequency | monetary
------------+-------------+--------------+-----------+---------
19          | Customer 19 | 0            | 26        | 37803.69
7           | Customer 7  | 5            | 23        | 36318.34
3           | Customer 3  | 2            | 26        | 33809.53
25          | Customer 25 | 3            | 26        | 33689.05
1           | Customer 1  | 2            | 26        | 33226.61
10          | Customer 10 | 0            | 26        | 33080.74
21          | Customer 21 | 0            | 26        | 32305.26
15          | Customer 15 | 7            | 26        | 31575.76
16          | Customer 16 | 5            | 26        | 30700.06
22          | Customer 22 | 4            | 23        | 30529.40
30          | Customer 30 | 0            | 26        | 29970.88
12          | Customer 12 | 0            | 26        | 29817.61
9           | Customer 9  | 2            | 23        | 29163.23
24          | Customer 24 | 5            | 26        | 29124.10
28          | Customer 28 | 2            | 26        | 28958.56
23          | Customer 23 | 1            | 26        | 28766.75
14          | Customer 14 | 0            | 26        | 28710.18
4           | Customer 4  | 1            | 23        | 28245.50
29          | Customer 29 | 3            | 26        | 27990.25
13          | Customer 13 | 3            | 26        | 27532.65
... 2230 rows omitted
total rows: 2250