Q06 첫 구매 후 30일 내 재구매율 [after]

SQL
WITH purchases AS (
            SELECT
                customer_id,
                order_ts,
                min(order_ts) OVER (
                    PARTITION BY customer_id
                ) AS first_order_ts
            FROM ecom.orders
            WHERE order_status IN ('paid', 'shipped', 'delivered')
        ),
        customer_flags AS (
            SELECT
                customer_id,
                bool_or(
                    order_ts > first_order_ts
                    AND order_ts <= first_order_ts + interval '30 days'
                ) AS repurchased
            FROM purchases
            GROUP BY customer_id
        )

        SELECT
            count(*) AS first_buyers,
            count(*) FILTER (WHERE repurchased) AS repurchasers,
            ecom.safe_div(
                count(*) FILTER (WHERE repurchased),
                count(*)
            ) AS repurchase_rate
        FROM customer_flags

RESULT (4.69 ms)
first_buyers | repurchasers | repurchase_rate       
-------------+--------------+-----------------------
2250         | 1378         | 0.61244444444444444444
total rows: 1