Q09 쿠폰 사용 여부별 평균 주문 금액 [after]

SQL
WITH order_totals AS (
            SELECT
                o.order_id,
                o.coupon_code IS NOT NULL AS used_coupon,
                sum(oi.line_total) AS amount
            FROM ecom.orders o
            JOIN ecom.order_items oi
              ON oi.order_id = o.order_id
            WHERE o.order_status IN ('paid', 'shipped', 'delivered')
            GROUP BY
                o.order_id,
                o.coupon_code IS NOT NULL
        )

        SELECT
            used_coupon,
            count(*) AS order_count,
            avg(amount) AS avg_order_amount
        FROM order_totals
        GROUP BY used_coupon
        ORDER BY used_coupon

RESULT (25.06 ms)
used_coupon | order_count | avg_order_amount     
------------+-------------+----------------------
False       | 5796        | 628.8782229123533471 
True        | 1817        | 1839.6942707760044029
total rows: 2